
> finansix-web@2.0.0 test C:\Versix\Finansix\finansix-web
> vitest "src/admin/hooks/__tests__/useUsers.test.tsx"


[1m[7m[34m DEV [39m[27m[22m [34mv2.1.9 [39m[90mC:/Versix/Finansix/finansix-web[39m

 [31mÔØ»[39m src/admin/hooks/__tests__/useUsers.test.tsx [2m([22m[2m5 tests[22m[2m | [22m[31m5 failed[39m[2m)[22m[90m 174[2mms[22m[39m
[31m   [31m├ù[31m useUsers[2m > [22mdeve buscar usu├írios com sucesso[90m 107[2mms[22m[31m[39m
[31m     ÔåÆ No QueryClient set, use QueryClientProvider to set one[39m
[31m   [31m├ù[31m useUsers[2m > [22mdeve aplicar filtro de busca por texto[90m 17[2mms[22m[31m[39m
[31m     ÔåÆ No QueryClient set, use QueryClientProvider to set one[39m
[31m   [31m├ù[31m useUsers[2m > [22mdeve aplicar filtro de role[90m 17[2mms[22m[31m[39m
[31m     ÔåÆ No QueryClient set, use QueryClientProvider to set one[39m
[31m   [31m├ù[31m useUsers[2m > [22mdeve aplicar pagina├º├úo[90m 15[2mms[22m[31m[39m
[31m     ÔåÆ No QueryClient set, use QueryClientProvider to set one[39m
[31m   [31m├ù[31m useUsers[2m > [22mdeve lidar com erros da API[90m 13[2mms[22m[31m[39m
[31m     ÔåÆ No QueryClient set, use QueryClientProvider to set one[39m

[2m Test Files [22m [1m[31m1 failed[39m[22m[90m (1)[39m
[2m      Tests [22m [1m[31m5 failed[39m[22m[90m (5)[39m
[2m   Start at [22m 15:35:15
[2m   Duration [22m 13.47s[2m (transform 296ms, setup 1.84s, collect 449ms, tests 174ms, environment 3.10s, prepare 1.56s)[22m

[1m[7m[31m FAIL [39m[27m[22m [31mTests failed. Watching for file changes...[39m
       [2mpress [22m[1mh[22m[2m to show help[22m[2m, [22m[2mpress [22m[1mq[22m[2m to quit[22m
c[3J[1m[7m[34m RERUN [39m[27m[22m [34m[2msrc/test/mocks/supabase-admin.ts [22m[34mx1 [34m[39m

 [31mÔØ»[39m src/admin/hooks/__tests__/useUsers.test.tsx [2m([22m[2m5 tests[22m[2m | [22m[31m5 failed[39m[2m)[22m[33m 567[2mms[22m[39m
[31m   [31m├ù[31m useUsers[2m > [22mdeve buscar usu├írios com sucesso[90m 213[2mms[22m[31m[39m
[31m     ÔåÆ No QueryClient set, use QueryClientProvider to set one[39m
[31m   [31m├ù[31m useUsers[2m > [22mdeve aplicar filtro de busca por texto[90m 64[2mms[22m[31m[39m
[31m     ÔåÆ No QueryClient set, use QueryClientProvider to set one[39m
[31m   [31m├ù[31m useUsers[2m > [22mdeve aplicar filtro de role[90m 31[2mms[22m[31m[39m
[31m     ÔåÆ No QueryClient set, use QueryClientProvider to set one[39m
[31m   [31m├ù[31m useUsers[2m > [22mdeve aplicar pagina├º├úo[90m 43[2mms[22m[31m[39m
[31m     ÔåÆ No QueryClient set, use QueryClientProvider to set one[39m
[31m   [31m├ù[31m useUsers[2m > [22mdeve lidar com erros da API[90m 208[2mms[22m[31m[39m
[31m     ÔåÆ No QueryClient set, use QueryClientProvider to set one[39m

[2m Test Files [22m [1m[31m1 failed[39m[22m[90m (1)[39m
[2m      Tests [22m [1m[31m5 failed[39m[22m[90m (5)[39m
[2m   Start at [22m 15:36:08
[2m   Duration [22m 11.29s

[1m[7m[31m FAIL [39m[27m[22m [31mTests failed. Watching for file changes...[39m
       [2mpress [22m[1mh[22m[2m to show help[22m[2m, [22m[2mpress [22m[1mq[22m[2m to quit[22m
c[3J[1m[7m[34m RERUN [39m[27m[22m [34m[2msrc/admin/hooks/__tests__/useImpersonation.test.tsx [22m[34mx1 [34m[39m

 [31mÔØ»[39m src/admin/hooks/__tests__/useUsers.test.tsx [2m([22m[2m5 tests[22m[2m | [22m[31m5 failed[39m[2m)[22m[33m 567[2mms[22m[39m
[31m   [31m├ù[31m useUsers[2m > [22mdeve buscar usu├írios com sucesso[90m 213[2mms[22m[31m[39m
[31m     ÔåÆ No QueryClient set, use QueryClientProvider to set one[39m
[31m   [31m├ù[31m useUsers[2m > [22mdeve aplicar filtro de busca por texto[90m 64[2mms[22m[31m[39m
[31m     ÔåÆ No QueryClient set, use QueryClientProvider to set one[39m
[31m   [31m├ù[31m useUsers[2m > [22mdeve aplicar filtro de role[90m 31[2mms[22m[31m[39m
[31m     ÔåÆ No QueryClient set, use QueryClientProvider to set one[39m
[31m   [31m├ù[31m useUsers[2m > [22mdeve aplicar pagina├º├úo[90m 43[2mms[22m[31m[39m
[31m     ÔåÆ No QueryClient set, use QueryClientProvider to set one[39m
[31m   [31m├ù[31m useUsers[2m > [22mdeve lidar com erros da API[90m 208[2mms[22m[31m[39m
[31m     ÔåÆ No QueryClient set, use QueryClientProvider to set one[39m
 [31mÔØ»[39m src/admin/hooks/__tests__/useImpersonation.test.tsx [2m([22m[2m5 tests[22m[2m | [22m[31m5 failed[39m[2m)[22m[33m 394[2mms[22m[39m
[31m   [31m├ù[31m useImpersonation[2m > [22mdeve verificar permiss├úo de impersonation[33m 315[2mms[22m[31m[39m
[31m     ÔåÆ No QueryClient set, use QueryClientProvider to set one[39m
[31m   [31m├ù[31m useImpersonation[2m > [22mdeve carregar sess├úo ativa[90m 22[2mms[22m[31m[39m
[31m     ÔåÆ No QueryClient set, use QueryClientProvider to set one[39m
[31m   [31m├ù[31m useImpersonation[2m > [22mdeve iniciar impersonation com sucesso[90m 15[2mms[22m[31m[39m
[31m     ÔåÆ No QueryClient set, use QueryClientProvider to set one[39m
[31m   [31m├ù[31m useImpersonation[2m > [22mdeve parar impersonation com sucesso[90m 19[2mms[22m[31m[39m
[31m     ÔåÆ No QueryClient set, use QueryClientProvider to set one[39m
[31m   [31m├ù[31m useImpersonation[2m > [22mdeve falhar se usu├írio n├úo tiver permiss├úo[90m 15[2mms[22m[31m[39m
[31m     ÔåÆ No QueryClient set, use QueryClientProvider to set one[39m

[2m Test Files [22m [1m[31m2 failed[39m[22m[90m (2)[39m
[2m      Tests [22m [1m[31m10 failed[39m[22m[90m (10)[39m
[2m   Start at [22m 15:36:52
[2m   Duration [22m 11.14s

[1m[7m[31m FAIL [39m[27m[22m [31mTests failed. Watching for file changes...[39m
       [2mpress [22m[1mh[22m[2m to show help[22m[2m, [22m[2mpress [22m[1mq[22m[2m to quit[22m
c[3J[1m[7m[34m RERUN [39m[27m[22m [34m[2msrc/test/test-utils.tsx [22m[39m

 [32mÔ£ô[39m src/admin/hooks/__tests__/useUsers.test.tsx [2m([22m[2m5 tests[22m[2m)[22m[33m 832[2mms[22m[39m
   [33m[2mÔ£ô[22m[39m useUsers[2m > [22mdeve buscar usu├írios com sucesso [33m317[2mms[22m[39m
 [32mÔ£ô[39m src/admin/hooks/__tests__/useImpersonation.test.tsx [2m([22m[2m5 tests[22m[2m)[22m[33m 519[2mms[22m[39m

[2m Test Files [22m [1m[32m2 passed[39m[22m[90m (2)[39m
[2m      Tests [22m [1m[32m10 passed[39m[22m[90m (10)[39m
[2m   Start at [22m 15:39:42
[2m   Duration [22m 11.53s

[1m[7m[32m PASS [39m[27m[22m [32mWaiting for file changes...[39m
       [2mpress [22m[1mh[22m[2m to show help[22m[2m, [22m[2mpress [22m[1mq[22m[2m to quit[22m
c[3J[1m[7m[34m RERUN [39m[27m[22m [34m[2msrc/admin/components/users/__tests__/UsersTable.test.tsx [22m[34mx1 [34m[39m

 [31mÔØ»[39m src/admin/components/users/__tests__/UsersTable.test.tsx [2m([22m[2m3 tests[22m[2m | [22m[31m3 failed[39m[2m)[22m[33m 325[2mms[22m[39m
[31m   [31m├ù[31m UsersTable[2m > [22mdeve mostrar estado de loading[90m 189[2mms[22m[31m[39m
[31m     ÔåÆ Cannot read properties of undefined (reading 'length')[39m
[31m   [31m├ù[31m UsersTable[2m > [22mdeve mostrar lista de usu├írios[90m 94[2mms[22m[31m[39m
[31m     ÔåÆ Cannot read properties of undefined (reading 'length')[39m
[31m   [31m├ù[31m UsersTable[2m > [22mdeve mostrar estado vazio[90m 37[2mms[22m[31m[39m
[31m     ÔåÆ Cannot read properties of undefined (reading 'length')[39m

[2m Test Files [22m [1m[31m1 failed[39m[22m[90m (1)[39m
[2m      Tests [22m [1m[31m3 failed[39m[22m[90m (3)[39m
[2m   Start at [22m 15:40:45
[2m   Duration [22m 12.70s

[1m[7m[31m FAIL [39m[27m[22m [31mTests failed. Watching for file changes...[39m
       [2mpress [22m[1mh[22m[2m to show help[22m[2m, [22m[2mpress [22m[1mq[22m[2m to quit[22m
[1;1H[J[33mTest removed...[39m[2m [ src/admin/components/users/__tests__/UsersTable.test.tsx ]
[22m
